
> sapqc@0.0.0 build
> ng build

[33m❯[39m Building...
[32m✔[39m Building...
[1mInitial chunk files[22m[2m | [22m[1mNames[22m                    [2m | [22m [1mRaw size[22m[2m | [22m[1mEstimated transfer size[22m
[32mmain-IMVPG3C6.js[39m   [2m | [22m[2mmain[22m                     [2m | [22m[36m662.27 kB[39m[2m | [22m              [36m127.25 kB[39m
[32mchunk-RXMCJNPK.js[39m  [2m | [22m[2m-[22m                        [2m | [22m[36m361.31 kB[39m[2m | [22m               [36m62.98 kB[39m
[32mchunk-VFVPSTP4.js[39m  [2m | [22m[2m-[22m                        [2m | [22m[36m193.62 kB[39m[2m | [22m               [36m55.49 kB[39m
[32mchunk-C7YY6R5T.js[39m  [2m | [22m[2m-[22m                        [2m | [22m[36m112.74 kB[39m[2m | [22m               [36m22.12 kB[39m
[32mchunk-37ODVJDL.js[39m  [2m | [22m[2m-[22m                        [2m | [22m [36m89.42 kB[39m[2m | [22m               [36m22.54 kB[39m
[32mchunk-64CGZ2ZQ.js[39m  [2m | [22m[2m-[22m                        [2m | [22m [36m80.79 kB[39m[2m | [22m               [36m19.16 kB[39m
[32mchunk-45PBXNSX.js[39m  [2m | [22m[2m-[22m                        [2m | [22m [36m40.02 kB[39m[2m | [22m                [36m9.41 kB[39m
[32mchunk-S6U5J2SN.js[39m  [2m | [22m[2m-[22m                        [2m | [22m [36m38.62 kB[39m[2m | [22m                [36m7.94 kB[39m
[32mchunk-OEVXLWJN.js[39m  [2m | [22m[2m-[22m                        [2m | [22m [36m18.76 kB[39m[2m | [22m                [36m5.44 kB[39m
[32mchunk-7WPEWZPT.js[39m  [2m | [22m[2m-[22m                        [2m | [22m [36m11.59 kB[39m[2m | [22m                [36m3.05 kB[39m
[32mchunk-2PVGGI4C.js[39m  [2m | [22m[2m-[22m                        [2m | [22m  [36m4.48 kB[39m[2m | [22m                [36m1.01 kB[39m
[32mstyles-JBRZ5LIR.css[39m[2m | [22m[2mstyles[22m                   [2m | [22m  [36m3.82 kB[39m[2m | [22m              [36m974 bytes[39m
[32mchunk-F2UYKONP.js[39m  [2m | [22m[2m-[22m                        [2m | [22m  [36m3.06 kB[39m[2m | [22m                [36m1.07 kB[39m
[32mchunk-5VOLOCQG.js[39m  [2m | [22m[2m-[22m                        [2m | [22m  [36m2.06 kB[39m[2m | [22m              [36m690 bytes[39m
[32mchunk-7CR5K6F7.js[39m  [2m | [22m[2m-[22m                        [2m | [22m  [36m1.96 kB[39m[2m | [22m              [36m624 bytes[39m
[32mchunk-23VXZZL7.js[39m  [2m | [22m[2m-[22m                        [2m | [22m  [36m1.64 kB[39m[2m | [22m              [36m636 bytes[39m
[32mchunk-DAQOROHW.js[39m  [2m | [22m[2m-[22m                        [2m | [22m  [36m1.13 kB[39m[2m | [22m              [36m491 bytes[39m
[32mchunk-3WXJACN6.js[39m  [2m | [22m[2m-[22m                        [2m | [22m[36m783 bytes[39m[2m | [22m              [36m783 bytes[39m
[32mchunk-5GPG4SZL.js[39m  [2m | [22m[2m-[22m                        [2m | [22m[36m561 bytes[39m[2m | [22m              [36m561 bytes[39m
[32mchunk-YBPPPMTM.js[39m  [2m | [22m[2m-[22m                        [2m | [22m[36m448 bytes[39m[2m | [22m              [36m448 bytes[39m

[1m [22m                  [2m | [22m[1mInitial total[22m            [2m | [22m  [1m1.63 MB[22m[2m | [22m              [1m342.68 kB[22m

[1mLazy chunk files[22m   [2m | [22m[1mNames[22m                    [2m | [22m [1mRaw size[22m[2m | [22m[1mEstimated transfer size[22m
[32mchunk-WZYUTKYJ.js[39m  [2m | [22m[2mplant-maintenance-routes[22m [2m | [22m[36m771.19 kB[39m[2m | [22m               [36m59.74 kB[39m
[32mchunk-FT4E5HJC.js[39m  [2m | [22m[2mmiscellaneous-routes[22m     [2m | [22m[36m632.29 kB[39m[2m | [22m               [36m39.87 kB[39m
[32mchunk-EYW5EJIT.js[39m  [2m | [22m[2mgate-pass-routes[22m         [2m | [22m[36m446.49 kB[39m[2m | [22m               [36m38.64 kB[39m
[32mchunk-YOQMWOFY.js[39m  [2m | [22m[2mpayroll-master-routes[22m    [2m | [22m[36m245.07 kB[39m[2m | [22m               [36m38.40 kB[39m
[32mchunk-XYBUBV7D.js[39m  [2m | [22m[2mcreate-job-requisition[22m   [2m | [22m[36m124.31 kB[39m[2m | [22m               [36m23.13 kB[39m
[32mchunk-Y4PJ3IMN.js[39m  [2m | [22m[2madd-performance-appraisal[22m[2m | [22m [36m88.42 kB[39m[2m | [22m               [36m15.50 kB[39m
[32mchunk-3TQ2DKQG.js[39m  [2m | [22m[2missue-from-production[22m    [2m | [22m [36m85.57 kB[39m[2m | [22m               [36m14.91 kB[39m
[32mchunk-3NEG4K3N.js[39m  [2m | [22m[2madd-probation-evaluation[22m [2m | [22m [36m83.20 kB[39m[2m | [22m               [36m15.38 kB[39m
[32mchunk-ZUJWISRJ.js[39m  [2m | [22m[2madd-training-development[22m [2m | [22m [36m83.04 kB[39m[2m | [22m               [36m14.55 kB[39m
[32mchunk-GGT6C57D.js[39m  [2m | [22m[2madd-loan-advance[22m         [2m | [22m [36m82.61 kB[39m[2m | [22m               [36m14.33 kB[39m
[32mchunk-GWP4J2VI.js[39m  [2m | [22m[2mpurchase-request[22m         [2m | [22m [36m75.35 kB[39m[2m | [22m               [36m13.03 kB[39m
[32mchunk-F2KLUFHQ.js[39m  [2m | [22m[2madd-leave-application[22m    [2m | [22m [36m72.07 kB[39m[2m | [22m               [36m13.19 kB[39m
[32mchunk-KEE5W5G7.js[39m  [2m | [22m[2muser-setup[22m               [2m | [22m [36m70.13 kB[39m[2m | [22m               [36m12.43 kB[39m
[32mchunk-H5UQ6FIM.js[39m  [2m | [22m[2madd-termination[22m          [2m | [22m [36m67.65 kB[39m[2m | [22m               [36m11.80 kB[39m
[32mchunk-KVOMSL6B.js[39m  [2m | [22m[2memployee-roster[22m          [2m | [22m [36m66.11 kB[39m[2m | [22m               [36m13.72 kB[39m
[2m...and 65 more lazy chunks files. Use "--verbose" to show all the files.[22m

Application bundle generation complete. [26.783 seconds] - 2026-10-01T07:07:44.512Z

Output location: d:\Projects Folder\AHCP\AHCP-HR\dist\SAPQC

